=== Бюджет видео-части SYP (замер 2026-10-01) ===
Файл:        /disks/HDD_16Tb_Clouds/GOT/GOT.S01/GOT.S01E01.BDRip.1080p.mkv
ffmpeg:      ffmpeg version 6.1.1-3ubuntu5 Copyright (c) 2000-2023 the FFmpeg developers
Ядра:        36
Длительность:3697.184000 с
Разрешение:  1920,1080

--- 1. Декодирование (вход пайплайна) ---
весь файл в null                         157.1 с  rc=0

--- 2. Детекция границ (scdet) ---
scdet t=8, весь файл                      162.4 с  rc=0

--- 3. Подготовка кадров к анализу ---
scale=135:75 (весь файл)                  169.0 с  rc=0
scale=640:360 (весь файл)                 163.3 с  rc=0
scale=1280:720 (весь файл)                155.0 с  rc=0

--- 4. Покадровое извлечение (первые 3000 кадров → экстраполяция) ---
extract 3000 jpeg 1080p                             6.5 с  (3000 файлов)
    → 462 кадров/с → полная серия (82834 кадра) ≈ 3.0 мин

--- 5. Нарезка сцены (симуляция фрагмента 30 с) ---
вырезать 30 с, stream-copy                 0.1 с  rc=234
вырезать 30 с, перекодирование x264 veryfast      0.1 с  rc=234

--- 6. Склейка (concat, 50 фрагментов) ---
concat 50 фрагментов, stream-copy         0.1 с  rc=234

=== Итоги считаются в отчёте research/ ===
