# Замер: нарезка и склейка сцен (2026-10-01)

> Дополнение к `bench-video.log`. Числа перенесены из вывода сессии
> (интерактивные замеры, отдельный лог не вёлся).
> Файл: `/disks/HDD_16Tb_Clouds/GOT/GOT.S01/GOT.S01E01.BDRip.1080p.mkv`,
> 1920×1080, 23.976 fps, 3697 с, ≈82 834 кадра.

## Результаты

| Операция | Время | Результат |
|---|---|---|
| Нарезка 30 с, **stream-copy** (`-c copy`) | **0,55 с** | файл 31 МБ |
| Нарезка 30 с, **перекодирование** x264 veryfast crf20 | **106,87 с** | файл 24 МБ |
| Нарезка с проверкой покадровой точности (`-i file -ss 600.000 -t 2.000`) | 57,18 с | **48 кадров на выходе = верно** (2 с × 23,976) |
| **Склейка 100 фрагментов** (715 МБ суммарно), `concat -c copy` | **7,47 с** | файл 715 МБ |

## Что из этого следует (важно для решения по Q5 и Q8)

1. **Покадровая точность нарезки достижима и проверена**: 2-секундный фрагмент
   дал ровно 48 кадров. Требование владельца «точность до кадра» технически
   выполнимо.

2. **Видео-часть пайплайна — НЕ узкое место.** Декодирование всей серии — 157 с,
   детекция границ — 162 с, извлечение всех кадров 1080p JPEG — ≈3 мин
   (462 кадра/с). На все 73 серии это **≈3,7 часа** чистого CPU. Порог
   «каждый кадр» упирается не в видео, а в ML-детект лиц.

3. **Перекодирование — дорого: ~3,5× длительности** (107 с на 30 с клипа).
   Значит склейка выборки «Show Your Picture» обязана идти по пути
   **stream-copy concat** (100 фрагментов за 7,5 с), а покадровая точность
   и stream-copy конфликтуют: stream-copy режет по ключевым кадрам.

4. **Отсюда развилка, которую надо решить в карте** (не решена здесь):
   - (a) нарезка сцен по **границам, привязанным к ключевым кадрам** — тогда
     всё дёшево (stream-copy), но граница сцены округляется до GOP;
   - (b) точная нарезка с **перекодированием** из мастер-копии (именно так
     делал ivfx4: lossless-мастер как единственный источник нарезок) —
     качество единое, цена — перекодирование;
   - (c) смешанно: stream-copy там, где граница совпала с ключевым кадром,
     перекодирование — где нет.

5. **Оговорка к цифре 106,87 с**: первый прогон платил за холодный кэш диска
   (файл 5,6 ГБ). Повторный замер в прогрессирующей сессии **не успел
   выполниться** — цифру стоит перепроверить. На неё опираться как на
   точный бюджет нельзя, только как на порядок величины.

## Что перепроверить первой задачей

```bash
cd /home/nsa/syp
bash .scratch/syp/bench/bench-video.sh          # декодирование, scdet, извлечение кадров
# затем перекодирование — два прогона подряд, второй честный (кэш прогрет)
```